[referenceReels] REELS_DIR = D:\CutVideo\backend\reelsSpeed
[referenceReels] Files in dir: 7, Supported videos: 5
[referenceReels] Videos: WhatsApp Video 2026-07-02 at 14.43.05.mp4, WhatsApp Video 2026-07-02 at 14.43.12.mp4, WhatsApp Video 2026-07-02 at 14.43.32.mp4, WhatsApp Video 2026-07-02 at 14.44.01.mp4, WhatsApp Video 2026-07-02 at 14.44.04.mp4
[aiAssistantClient] Required Python packages (fastapi, uvicorn, sklearn, etc.) not installed.
[aiAssistantClient] Run: pip install -r "D:\CutVideo\backend\python\ai_assistant\requirements.txt"
CutVideo backend running on http://localhost:5000
Reels job 71057d08-7741-42bd-9465-3446f99922d7: Starting download
Using yt-dlp engine (via yt-dlp-exec)
FFmpeg detection:
  path: D:\CutVideo\backend\node_modules\ffmpeg-static\ffmpeg.exe
  exists: true
  size: 82797568
  isFile: true
  --ffmpeg-location value: D:\CutVideo\backend\node_modules\ffmpeg-static\ffmpeg.exe
[yt-dlp] Executing: "D:\CutVideo\backend\node_modules\yt-dlp-exec\bin\yt-dlp.exe" -f bestvideo[vcodec^=avc1]+bestaudio[ext=m4a]/bestvideo+bestaudio/best -o D:\CutVideo\backend\temp\reels_source_71057d08-7741-42bd-9465-3446f99922d7_1783162948281.mp4 --no-playlist --merge-output-format mp4 --extractor-retries 3 --newline --progress --no-color --js-runtimes node https://www.youtube.com/watch?v=dQw4w9WgXcQ --ffmpeg-location D:\CutVideo\backend\node_modules\ffmpeg-static
[yt-dlp] Output path (resolved): D:\CutVideo\backend\temp\reels_source_71057d08-7741-42bd-9465-3446f99922d7_1783162948281.mp4
[yt-dlp] FFmpeg location: D:\CutVideo\backend\node_modules\ffmpeg-static
[yt-dlp] Start time: 2026-07-04T11:02:29.940Z
[yt-dlp] Spawned PID: 15072
[yt-dlp] Idle timeout set: 300s of inactivity
[yt-dlp:stdout] [youtube] Extracting URL: https://www.youtube.com/watch?v=dQw4w9WgXcQ
[yt-dlp:stdout] [youtube] dQw4w9WgXcQ: Downloading webpage
[yt-dlp:stdout] [youtube] dQw4w9WgXcQ: Downloading android vr player API JSON
[yt-dlp:stdout] [youtube] dQw4w9WgXcQ: Downloading player 4918c89a-main
[yt-dlp:stdout] [youtube] [jsc:node] Solving JS challenges using node
[yt-dlp:stdout] [youtube] dQw4w9WgXcQ: Downloading m3u8 information
[yt-dlp:stdout] [info] dQw4w9WgXcQ: Downloading 1 format(s): 137+140
[yt-dlp:stdout] [download] Destination: D:\CutVideo\backend\temp\reels_source_71057d08-7741-42bd-9465-3446f99922d7_1783162948281.f137.mp4
[yt-dlp:stdout] [download]   0.0% of   77.16MiB at   24.95KiB/s ETA 52:47
[yt-dlp:stdout] [download]   0.0% of   77.16MiB at   73.02KiB/s ETA 18:02
[yt-dlp:stdout] [download]   0.0% of   77.16MiB at  166.33KiB/s ETA 07:54
[yt-dlp:stdout] [download]   0.0% of   77.16MiB at  356.43KiB/s ETA 03:41
[yt-dlp:stdout] [download]   0.0% of   77.16MiB at  599.05KiB/s ETA 02:11
[yt-dlp:stdout] [download]   0.1% of   77.16MiB at    1.19MiB/s ETA 01:04
[yt-dlp:stdout] [download]   0.2% of   77.16MiB at    2.35MiB/s ETA 00:32
[yt-dlp:stdout] [download]   0.3% of   77.16MiB at    1.81MiB/s ETA 00:42
[yt-dlp:stdout] [download]   0.6% of   77.16MiB at  880.42KiB/s ETA 01:29
[yt-dlp:stdout] [download]   1.3% of   77.16MiB at  967.93KiB/s ETA 01:20
[yt-dlp:stdout] [download]   2.6% of   77.16MiB at  867.44KiB/s ETA 01:28
[yt-dlp:stdout] [download]   3.6% of   77.16MiB at  880.25KiB/s ETA 01:26
[yt-dlp:stdout] [download]   4.7% of   77.16MiB at  895.69KiB/s ETA 01:24
[yt-dlp:stdout] [download]   5.9% of   77.16MiB at  984.02KiB/s ETA 01:15
[yt-dlp:stdout] [download]   8.0% of   77.16MiB at    1.06MiB/s ETA 01:06
[yt-dlp:stdout] [download]  10.0% of   77.16MiB at    1.10MiB/s ETA 01:02
[yt-dlp:stdout] [download]  11.7% of   77.16MiB at    1.15MiB/s ETA 00:59
[yt-dlp:stdout] [download]  12.6% of   77.16MiB at    1.18MiB/s ETA 00:57
[yt-dlp:stdout] [download]  12.6% of   77.16MiB at  806.75KiB/s ETA 01:25
[yt-dlp:stdout] [download]  12.6% of   77.16MiB at    2.36MiB/s ETA 00:28
[yt-dlp:stdout] [download]  12.7% of   77.16MiB at    5.51MiB/s ETA 00:12
[yt-dlp:stdout] [download]  12.7% of   77.16MiB at   11.82MiB/s ETA 00:05
[yt-dlp:stdout] [download]  12.7% of   77.16MiB at    8.49MiB/s ETA 00:07
[yt-dlp:stdout] [download]  12.7% of   77.16MiB at    6.58MiB/s ETA 00:10
[yt-dlp:stdout] [download]  12.8% of   77.16MiB at    4.89MiB/s ETA 00:13
[yt-dlp:stdout] [download]  13.0% of   77.16MiB at  678.83KiB/s ETA 01:41
[yt-dlp:stdout] [download]  13.3% of   77.16MiB at  941.16KiB/s ETA 01:12
[yt-dlp:stdout] [download]  13.9% of   77.16MiB at    1.15MiB/s ETA 00:57
[yt-dlp:stdout] [download]  15.2% of   77.16MiB at    1.45MiB/s ETA 00:45
[yt-dlp:stdout] [download]  17.7% of   77.16MiB at    1.33MiB/s ETA 00:47
[yt-dlp:stdout] [download]  19.3% of   77.16MiB at    1.32MiB/s ETA 00:47
[yt-dlp:stdout] [download]  21.0% of   77.16MiB at    1.28MiB/s ETA 00:47
[yt-dlp:stdout] [download]  22.5% of   77.16MiB at    1.34MiB/s ETA 00:44
[yt-dlp:stdout] [download]  24.8% of   77.16MiB at    1.34MiB/s ETA 00:43
[yt-dlp:stdout] [download]  25.1% of   77.16MiB at    1.33MiB/s ETA 00:43
[yt-dlp:stdout] [download]  25.1% of   77.16MiB at  338.20KiB/s ETA 02:54
[yt-dlp:stdout] [download]  25.1% of   77.16MiB at 1014.59KiB/s ETA 00:58
[yt-dlp:stdout] [download]  25.1% of   77.16MiB at    1.56MiB/s ETA 00:36
[yt-dlp:stdout] [download]  25.1% of   77.16MiB at    3.35MiB/s ETA 00:17
[yt-dlp:stdout] [download]  25.1% of   77.16MiB at    5.58MiB/s ETA 00:10
[yt-dlp:stdout] [download]  25.2% of   77.16MiB at    3.29MiB/s ETA 00:17
[yt-dlp:stdout] [download]  25.3% of   77.16MiB at    3.83MiB/s ETA 00:15
[yt-dlp:stdout] [download]  25.4% of   77.16MiB at    1.54MiB/s ETA 00:37
[yt-dlp:stdout] [download]  25.8% of   77.16MiB at    1.06MiB/s ETA 00:54
[yt-dlp:stdout] [download]  26.4% of   77.16MiB at  949.75KiB/s ETA 01:01
[yt-dlp:stdout] [download]  27.5% of   77.16MiB at  930.58KiB/s ETA 01:01
[yt-dlp:stdout] [download]  28.6% of   77.16MiB at  891.69KiB/s ETA 01:03
[yt-dlp:stdout] [download]  29.7% of   77.16MiB at  871.16KiB/s ETA 01:03
[yt-dlp:stdout] [download]  30.7% of   77.16MiB at  954.04KiB/s ETA 00:57
[yt-dlp:stdout] [download]  32.7% of   77.16MiB at 1011.30KiB/s ETA 00:52
[yt-dlp:stdout] [download]  34.3% of   77.16MiB at    1.04MiB/s ETA 00:48
[yt-dlp:stdout] [download]  36.1% of   77.16MiB at    1.16MiB/s ETA 00:42
[yt-dlp:stdout] [download]  37.6% of   77.16MiB at    1.25MiB/s ETA 00:38
[yt-dlp:stdout] [download]  37.6% of   77.16MiB at  Unknown B/s ETA Unknown
[yt-dlp:stdout] [download]  37.6% of   77.16MiB at    2.08MiB/s ETA 00:23
[yt-dlp:stdout] [download]  37.6% of   77.16MiB at    4.85MiB/s ETA 00:09
[yt-dlp:stdout] [download]  37.6% of   77.16MiB at    5.68MiB/s ETA 00:08
[yt-dlp:stdout] [download]  37.6% of   77.16MiB at   11.73MiB/s ETA 00:04
[yt-dlp:stdout] [download]  37.6% of   77.16MiB at   16.26MiB/s ETA 00:02
[yt-dlp:stdout] [download]  37.7% of   77.16MiB at   12.90MiB/s ETA 00:03
[yt-dlp:stdout] [download]  37.9% of   77.16MiB at    1.86MiB/s ETA 00:25
[yt-dlp:stdout] [download]  38.2% of   77.16MiB at  858.26KiB/s ETA 00:56
[yt-dlp:stdout] [download]  38.8% of   77.16MiB at    1.29MiB/s ETA 00:36
[yt-dlp:stdout] [download]  40.1% of   77.16MiB at    1.18MiB/s ETA 00:39
[yt-dlp:stdout] [download]  41.6% of   77.16MiB at    1.47MiB/s ETA 00:30
[yt-dlp:stdout] [download]  44.4% of   77.16MiB at    1.43MiB/s ETA 00:30
[yt-dlp:stdout] [download]  46.2% of   77.16MiB at    1.41MiB/s ETA 00:29
[yt-dlp:stdout] [download]  47.9% of   77.16MiB at    1.41MiB/s ETA 00:28
[yt-dlp:stdout] [download]  49.7% of   77.16MiB at    1.45MiB/s ETA 00:26
[yt-dlp:stdout] [download]  49.9% of   77.16MiB at    1.44MiB/s ETA 00:26
[yt-dlp:stdout] [download]  49.9% of   77.16MiB at  682.44KiB/s ETA 00:57
[yt-dlp:stdout] [download]  49.9% of   77.16MiB at    1.14MiB/s ETA 00:33
[yt-dlp:stdout] [download]  50.0% of   77.16MiB at    1.86MiB/s ETA 00:20
[yt-dlp:stdout] [download]  50.0% of   77.16MiB at    3.12MiB/s ETA 00:12
[yt-dlp:stdout] [download]  50.0% of   77.16MiB at    4.53MiB/s ETA 00:08
[yt-dlp:stdout] [download]  50.0% of   77.16MiB at    5.76MiB/s ETA 00:06
[yt-dlp:stdout] [download]  50.1% of   77.16MiB at 1012.63KiB/s ETA 00:38
[yt-dlp:stdout] [download]  50.3% of   77.16MiB at    1.62MiB/s ETA 00:23
[yt-dlp:stdout] [download]  50.6% of   77.16MiB at    1.64MiB/s ETA 00:23
[yt-dlp:stdout] [download]  51.2% of   77.16MiB at    2.35MiB/s ETA 00:16
[yt-dlp:stdout] [download]  52.5% of   77.16MiB at    2.36MiB/s ETA 00:15
[yt-dlp:stdout] [download]  55.1% of   77.16MiB at    2.20MiB/s ETA 00:15
[yt-dlp:stdout] [download]  57.8% of   77.16MiB at    1.60MiB/s ETA 00:20
[yt-dlp:stdout] [download]  59.1% of   77.16MiB at    1.54MiB/s ETA 00:20
[yt-dlp:stdout] [download]  60.8% of   77.16MiB at    1.64MiB/s ETA 00:18
[yt-dlp:stdout] [download]  62.7% of   77.16MiB at    1.73MiB/s ETA 00:16
[yt-dlp:stdout] [download]  62.7% of   77.16MiB at  Unknown B/s ETA Unknown
[yt-dlp:stdout] [download]  62.7% of   77.16MiB at  Unknown B/s ETA Unknown
[yt-dlp:stdout] [download]  62.7% of   77.16MiB at    4.62MiB/s ETA 00:06
[yt-dlp:stdout] [download]  62.8% of   77.16MiB at    9.90MiB/s ETA 00:02
[yt-dlp:stdout] [download]  62.8% of   77.16MiB at   10.73MiB/s ETA 00:02
[yt-dlp:stdout] [download]  62.8% of   77.16MiB at   12.33MiB/s ETA 00:02
[yt-dlp:stdout] [download]  62.9% of   77.16MiB at   10.58MiB/s ETA 00:02
[yt-dlp:stdout] [download]  63.1% of   77.16MiB at    1.07MiB/s ETA 00:26
[yt-dlp:stdout] [download]  63.4% of   77.16MiB at    1.03MiB/s ETA 00:27
[yt-dlp:stdout] [download]  64.0% of   77.16MiB at    1.31MiB/s ETA 00:21
[yt-dlp:stdout] [download]  65.3% of   77.16MiB at    1.29MiB/s ETA 00:20
[yt-dlp:stdout] [download]  67.0% of   77.16MiB at    1.45MiB/s ETA 00:17
[yt-dlp:stdout] [download]  69.3% of   77.16MiB at    1.32MiB/s ETA 00:17
[yt-dlp:stdout] [download]  70.8% of   77.16MiB at    1.26MiB/s ETA 00:17
[yt-dlp:stdout] [download]  72.2% of   77.16MiB at    1.32MiB/s ETA 00:16
[yt-dlp:stdout] [download]  74.4% of   77.16MiB at    1.30MiB/s ETA 00:15
[yt-dlp:stdout] [download]  75.1% of   77.16MiB at    1.32MiB/s ETA 00:14
[yt-dlp:stdout] [download]  75.1% of   77.16MiB at  Unknown B/s ETA Unknown
[yt-dlp:stdout] [download]  75.1% of   77.16MiB at    2.19MiB/s ETA 00:08
[yt-dlp:stdout] [download]  75.1% of   77.16MiB at    5.11MiB/s ETA 00:03
[yt-dlp:stdout] [download]  75.1% of   77.16MiB at    5.78MiB/s ETA 00:03
[yt-dlp:stdout] [download]  75.1% of   77.16MiB at  289.25KiB/s ETA 01:07
[yt-dlp:stdout] [download]  75.2% of   77.16MiB at  576.08KiB/s ETA 00:34
[yt-dlp:stdout] [download]  75.3% of   77.16MiB at  573.50KiB/s ETA 00:34
[yt-dlp:stdout] [download]  75.4% of   77.16MiB at  993.68KiB/s ETA 00:19
[yt-dlp:stdout] [download]  75.7% of   77.16MiB at  991.92KiB/s ETA 00:19
[yt-dlp:stdout] [download]  76.4% of   77.16MiB at    1.40MiB/s ETA 00:13
[yt-dlp:stdout] [download]  77.7% of   77.16MiB at    1.75MiB/s ETA 00:09
[yt-dlp:stdout] [download]  80.3% of   77.16MiB at    1.75MiB/s ETA 00:08
[yt-dlp:stdout] [download]  82.5% of   77.16MiB at    1.49MiB/s ETA 00:09
[yt-dlp:stdout] [download]  84.0% of   77.16MiB at    1.48MiB/s ETA 00:08
[yt-dlp:stdout] [download]  85.9% of   77.16MiB at    1.56MiB/s ETA 00:07
[yt-dlp:stdout] [download]  87.9% of   77.16MiB at    1.56MiB/s ETA 00:06
[yt-dlp:stdout] [download]  87.9% of   77.16MiB at  173.94KiB/s ETA 00:55
[yt-dlp:stdout] [download]  87.9% of   77.16MiB at  521.81KiB/s ETA 00:18
[yt-dlp:stdout] [download]  87.9% of   77.16MiB at    1.19MiB/s ETA 00:07
[yt-dlp:stdout] [download]  87.9% of   77.16MiB at    2.13MiB/s ETA 00:04
[yt-dlp:stdout] [download]  87.9% of   77.16MiB at  671.33KiB/s ETA 00:14
[yt-dlp:stdout] [download]  88.0% of   77.16MiB at  735.81KiB/s ETA 00:12
[yt-dlp:stdout] [download]  88.0% of   77.16MiB at  975.82KiB/s ETA 00:09
[yt-dlp:stdout] [download]  88.2% of   77.16MiB at    1.40MiB/s ETA 00:06
[yt-dlp:stdout] [download]  88.5% of   77.16MiB at    2.12MiB/s ETA 00:04
[yt-dlp:stdout] [download]  89.2% of   77.16MiB at    2.16MiB/s ETA 00:03
[yt-dlp:stdout] [download]  90.5% of   77.16MiB at    2.86MiB/s ETA 00:02
[yt-dlp:stdout] [download]  93.1% of   77.16MiB at    4.01MiB/s ETA 00:01
[yt-dlp:stdout] [download]  98.2% of   77.16MiB at    4.08MiB/s ETA 00:00
[yt-dlp:stdout] [download] 100.0% of   77.16MiB at    4.02MiB/s ETA 00:00
[yt-dlp:stdout] [download] 100% of   77.16MiB in 00:00:52 at 1.46MiB/s
[yt-dlp:stdout] [download] Destination: D:\CutVideo\backend\temp\reels_source_71057d08-7741-42bd-9465-3446f99922d7_1783162948281.f140.m4a
[yt-dlp:stdout] [download]   0.0% of    3.29MiB at  499.86KiB/s ETA 00:06
[yt-dlp:stdout] [download]   0.1% of    3.29MiB at    1.46MiB/s ETA 00:03
[yt-dlp:stdout] [download]   0.2% of    3.29MiB at    2.28MiB/s ETA 00:01
[yt-dlp:stdout] [download]   0.4% of    3.29MiB at    3.66MiB/s ETA 00:00
[yt-dlp:stdout] [download]   0.9% of    3.29MiB at  651.51KiB/s ETA 00:05
[yt-dlp:stdout] [download]   1.9% of    3.29MiB at    1.27MiB/s ETA 00:02
[yt-dlp:stdout] [download]   3.8% of    3.29MiB at  445.06KiB/s ETA 00:07
[yt-dlp:stdout] [download]   7.6% of    3.29MiB at  890.48KiB/s ETA 00:03
[yt-dlp:stdout] [download]  15.2% of    3.29MiB at    1.44MiB/s ETA 00:01
[yt-dlp:stdout] [download]  30.4% of    3.29MiB at    1.54MiB/s ETA 00:01
[yt-dlp:stdout] [download]  60.8% of    3.29MiB at  128.80KiB/s ETA 00:10
[yt-dlp:stdout] [download]  76.0% of    3.29MiB at  159.34KiB/s ETA 00:05
[yt-dlp:stdout] [download] 100.0% of    3.29MiB at  201.39KiB/s ETA 00:00
[yt-dlp:stdout] [download] 100% of    3.29MiB in 00:00:16 at 199.07KiB/s
[yt-dlp:stdout] [Merger] Merging formats into "D:\CutVideo\backend\temp\reels_source_71057d08-7741-42bd-9465-3446f99922d7_1783162948281.mp4"
[yt-dlp] FFmpeg merge detected (stdout): [Merger] Merging formats into "D:\CutVideo\backend\temp\reels_source_71057d08-7741-42bd-9465-3446f99922d7_1783162948281.mp4"
[yt-dlp] FFmpeg merge phase detected, starting 90s watchdog timer
[yt-dlp:stdout] Deleting original file D:\CutVideo\backend\temp\reels_source_71057d08-7741-42bd-9465-3446f99922d7_1783162948281.f140.m4a (pass -k to keep)
[yt-dlp:stdout] Deleting original file D:\CutVideo\backend\temp\reels_source_71057d08-7741-42bd-9465-3446f99922d7_1783162948281.f137.mp4 (pass -k to keep)
[yt-dlp] Process exited (PID: 15072, code: 0, signal: null)
[yt-dlp] Process closed (PID: 15072, code: 0, duration: 76.7s)
[yt-dlp] End time: 2026-07-04T11:03:46.690Z
[yt-dlp] Download successful (76.7s)
Reels job 71057d08-7741-42bd-9465-3446f99922d7: Starting highlight detection
[validation] Starting pre-validation for D:\CutVideo\backend\temp\reels_source_71057d08-7741-42bd-9465-3446f99922d7_1783162948281.mp4
[validation] Source size: 80.52MB
[validation] Output dir writable: D:\CutVideo\backend\temp\reels_71057d08-7741-42bd-9465-3446f99922d7
[validation] FFmpeg: D:\CutVideo\backend\node_modules\ffmpeg-static\ffmpeg.exe
[validation] FFprobe: D:\CutVideo\backend\node_modules\ffmpeg-static\ffprobe.exe
[validation] FFprobe works
[validation] Duration: 213.09s
[validation] Resolution: 1920x1080 (requested quality: not specified)
[validation] PASSED
[detectVideoChanges] mode=full-rate, timeout=600s
[detectVideoChanges] ffmpeg -i D:\CutVideo\backend\temp\reels_source_71057d08-7741-42bd-9465-3446f99922d7_1783162948281.mp4 -vf select='gt(scene,0.1)',metadata=print:file=- -f null -
[detectAudioChanges] timeout=600s
[detectAudioChanges] ffmpeg -i D:\CutVideo\backend\temp\reels_source_71057d08-7741-42bd-9465-3446f99922d7_1783162948281.mp4 -af silencedetect=n=-30dB:d=0.5,astats=metadata=1:reset=1,ametadata=print:key=lavfi.astats.Overall.RMS_level:file=- -f null -
[detectVideoChanges] Completed in 21942ms (21.9s), exit code: 0, scenes: 0, motion pts: 0
